// Jest Snapshot v1, https://goo.gl/fbAQLP

exports[`<AuthFooter /> should match snapshot 1`] = `
<DocumentFragment>
  <footer
    class="mx_AuthFooter"
    role="contentinfo"
  >
    <a
      href="https://github.com/sarah-lacerda"
      rel="noreferrer noopener"
      target="_blank"
    >
      Developed by Sarah L.S.
    </a>
    <a
      href="https://github.com/Gua-ra/gua-web"
      rel="noreferrer noopener"
      target="_blank"
    >
      GitHub
    </a>
    <a
      href="https://matrix.org"
      rel="noreferrer noopener"
      target="_blank"
    >
      Powered by Matrix
    </a>
  </footer>
</DocumentFragment>
`;
